[samridhini.com/index.html]
[fastrr-boost-ui.pickrr.com/assets/styles/shopify.css]
[fastrr-boost-ui.pickrr.com/assets/js/channels/shopify.js]
[backblue.gif]
[fade.gif]
[index.html]
[fastrr-boost-ui.pickrr.com/assets/js/channels/shiprocketMarketing.js]
[samridhini.com/cdn/shop/t/3/assets/gridefe5.css]
[samridhini.com/cdn/shop/t/3/assets/base9700.css]
[samridhini.com/cdn/shop/t/3/assets/modulesd741.css]
[samridhini.com/cdn/shop/t/3/assets/vendorb37f.css]
[samridhini.com/cdn/shop/t/3/assets/vendor.minfa96.js]
[samridhini.com/cdn/shop/files/s_18ec7.png]
[samridhini.com/cdn/shop/t/3/assets/ar-down71ac.svg]
[samridhini.com/cdn/shop/t/3/assets/search9b6c.css]
[samridhini.com/cdn/shop/t/3/assets/cart8e70.css]
[samridhini.com/cdn/shop/t/3/assets/custom-styleeaed.css]
[samridhini.com/cdn/shop/t/3/assets/custom5709.css]
[samridhini.com/cdn/shop/t/3/assets/product-list2db3.js]
[samridhini.com/cdn/shop/t/3/assets/theme-globalae68.js]
[samridhini.com/cdn/shop/t/3/assets/animationsda98.js]
[samridhini.com/checkouts/internal/preloadsd568.js]
[samridhini.com/cdn/shopifycloud/shopify/assets/storefront/load_feature-c354cc1bc6f1fafc3e06e39f4fb0e1d9abdf763072ca394d606ca9f6f241e68a.js]
[samridhini.com/cdn/shopifycloud/portable-wallets/latest/portable-wallets.en.js]
[cdn.shopify.com/s/files/1/0654/5637/3996/files/delivery_coder_19be707d-b54c-4290-8d25-7ed8bed9ad62d42e.js]
[cdn.shopify.com/extensions/66f5d0e8-9495-464c-91a9-3cb236d390f7/c-edd-estimated-delivery-date-24/assets/delivery_coder.css]
[cdn.shopify.com/extensions/ca001aef-6799-4e4c-bc7d-92ac861e488c/inbox-1238/assets/inbox-chat-loader.js]
[cdn.shopify.com/extensions/51a4cea3-21c2-4b46-b785-5251d82873e8/reelfy-videos-365/assets/reelfy.js]
[cdn.shopify.com/extensions/51a4cea3-21c2-4b46-b785-5251d82873e8/reelfy-videos-365/assets/reelfy.css]
[samridhini.com/POST]
[samridhini.com/cdn]
[samridhini.com/cdn/s/trekkie.storefront.319cb6b35d0642d127040b9727c41cbf77f04cee.min.js]
[samridhini.com/cdn/shopifycloud/shopify/assets/shop_events_listener-f55dd2979ec32029c7d9e0b454ab8b33f79c01ca039d17a6f5c9b95647564b19.js]
[samridhini.com/cdn/shopifycloud/perf-kit/shopify-perf-kit-1.6.6.min.js]
[samridhini.com/cdn/shop/t/3/assets/announcement-bar3448.css]
[samridhini.com/cdn/shop/t/3/assets/header122a.css]
[samridhini.com/cdn/shop/t/3/assets/mega-menu0680.js]
[samridhini.com/cdn/shop/t/3/assets/header6b44.js]
[samridhini.com/cdn/shop/t/3/assets/localization-form8a2e.js]
[samridhini.com/cdn/shop/t/3/assets/topbaref28.css]
[samridhini.com/cdn/shop/files/Samridhini_A_AI_-014b87.png]
[samridhini.com/cart.html]
[samridhini.com/collections/all.html]
[samridhini.com/pages/contact.html]
[samridhini.com/pages/track-my-order.html]
[samridhini.com/pages/about-us.html]
[samridhini.com/account/login.html]
[samridhini.com/account/register.html]
[samridhini.com/account/login4236.html]
[samridhini.com/pages/whishlist.html]
[samridhini.com/cdn/shop/t/3/assets/slideshow3794.css]
[samridhini.com/cdn/shop/files/SDF664d.jpg]
[samridhini.com/cdn/shop/files/234df8c.jpg]
[samridhini.com/cdn/shop/files/khjhge7b3.jpg]
[samridhini.com/cdn/shop/files/launchinge74e.jpg]
[samridhini.com/cdn/shop/files/ewdcff7.jpg]
[samridhini.com/cdn/shop/files/saree_slidea0ec.jpg]
[samridhini.com/collections/sarees.html]
[samridhini.com/cdn/shop/files/MixCollage-16-Jan-2025-01-44-AM-8439ed73.jpg]
[samridhini.com/cdn/shop/files/kurti_slidef500.jpg]
[samridhini.com/collections/dresses.html]
[cdn.shopify.com/s/files/1/0603/9273/4804/files/preview_images/36a1849f7854443d815aa4ac954aed98.thumbnail.00000000008e49.jpg]
[cdn.shopify.com/s/files/1/0603/9273/4804/files/IMG_9076a7b6.jpg]
[samridhini.com/en/products/pure-elegance-black-soft-cotton-saree-with-subtle-sheen-and-artistic-blouse]
[cdn.shopify.com/s/files/1/0603/9273/4804/files/preview_images/c68508bbe53b4185a94abbe6288410b9.thumbnail.00000000006a13.jpg]
[cdn.shopify.com/s/files/1/0603/9273/4804/files/IMG_49792ac10.jpg]
[samridhini.com/en/products/premium-elegant-gold-pink-tissue-saree-with-golden-zari-border]
[cdn.shopify.com/s/files/1/0603/9273/4804/files/preview_images/344d850601dd4ace8ee29d6c8f995bd6.thumbnail.0000000000946a.jpg]
[cdn.shopify.com/s/files/1/0603/9273/4804/files/IMG_5566483c.jpg]
[samridhini.com/en/products/classic-lavender-floral-soft-chiffon-saree-with-royal-purple-border-work-blouse]
[cdn.shopify.com/s/files/1/0603/9273/4804/files/preview_images/56d5b9e036f94975951307e5051a0d32.thumbnail.0000000000771b.jpg]
[samridhini.com/en/products/regal-soft-banarasi-katan-silk-saree]
[samridhini.com/products/pure-elegance-black-soft-cotton-saree-with-subtle-sheen-and-artistic-blouse.html]
[samridhini.com/products/premium-elegant-gold-pink-tissue-saree-with-golden-zari-border.html]
[samridhini.com/products/classic-lavender-floral-soft-chiffon-saree-with-royal-purple-border-work-blouse.html]
[samridhini.com/products/regal-soft-banarasi-katan-silk-saree.html]
[samridhini.com/cdn/shop/t/3/assets/component-collection-carda20b.css]
[samridhini.com/cdn/shop/t/3/assets/collection-lista211.css]
[samridhini.com/collections/new-collection.html]
[samridhini.com/cdn/shop/files/234_a7ec809b-8c58-4f64-a1a4-6ddc237938712547.jpg]
[samridhini.com/cdn/shop/files/234_a7ec809b-8c58-4f64-a1a4-6ddc23793871b136.jpg]
[samridhini.com/cdn/shop/files/MixCollage-10-Nov-2024-02-08-AM-66104dfb.jpg]
[samridhini.com/cdn/shop/files/MixCollage-10-Nov-2024-02-08-AM-6610f04f.jpg]
[samridhini.com/cdn/shop/files/MixCollage-16-Jan-2025-01-12-AM-881462a0.jpg]
[samridhini.com/cdn/shop/files/MixCollage-16-Jan-2025-01-12-AM-8814c4b4.jpg]
[samridhini.com/cdn/shop/t/3/assets/component-product-cardd7d7.css]
[samridhini.com/cdn/shop/t/3/assets/component-product-inventoryad06.css]
[samridhini.com/cdn/shop/t/3/assets/tabsfadf.css]
[samridhini.com/cdn/shop/t/3/assets/product-tabs18c5.css]
[samridhini.com/cdn/shop/files/IMG_9076c5a3.jpg]
[samridhini.com/cdn/shop/files/IMG_108627d2.jpg]
[samridhini.com/cdn/shop/t/3/assets/component-price6234.css]
[samridhini.com/cdn/shop/files/IMG_743030ea.jpg]
[samridhini.com/cdn/shop/files/IMG_D83DB0DB6EBA-178e4.jpg]
[samridhini.com/cdn/shop/files/IMG_556616f7.jpg]
[samridhini.com/cdn/shop/files/IMG_5570_2dd86.jpg]
[samridhini.com/cdn/shop/files/IMG_4979204b8.jpg]
[samridhini.com/cdn/shop/files/IMG_F65E822E333F-104aa.jpg]
[samridhini.com/products/red-gold-premium-pattu-saree-a-symbol-of-tradition-and-elegance.html]
[samridhini.com/cdn/shop/files/IMG_364555d6.jpg]
[samridhini.com/cdn/shop/files/IMG_364655d6.jpg]
[samridhini.com/products/7.html]
[samridhini.com/cdn/shop/files/keerthi51666f55.jpg]
[samridhini.com/cdn/shop/files/keerthi51516f55.jpg]
[samridhini.com/products/4.html]
[samridhini.com/cdn/shop/files/keerthi4943f902.jpg]
[samridhini.com/cdn/shop/files/keerthi4946f902.jpg]
[samridhini.com/products/traditional-kanjivaram-silk-saree-with-kalamkari-pattern-and-contrast-border.html]
[samridhini.com/cdn/shop/files/2_b05cce45-6023-4ccd-b16b-3d4d9560df83de53.jpg]
[samridhini.com/cdn/shop/files/78400.jpg]
[samridhini.com/products/chic-pink-and-white-striped-georgette-saree-with-floral-embroidered-border.html]
[samridhini.com/cdn/shop/files/wefc11d.jpg]
[samridhini.com/cdn/shop/files/dsc11d.jpg]
[samridhini.com/products/elegant-teal-blue-banarasi-silk-saree-with-magenta-border-and-golden-zari-work.html]
[samridhini.com/cdn/shop/files/2688c.jpg]
[samridhini.com/cdn/shop/files/1d85c.jpg]
[samridhini.com/collections/keerthis-favourite.html]
[samridhini.com/products/8.html]
[samridhini.com/cdn/shop/files/keerthi52308a18.jpg]
[samridhini.com/cdn/shop/files/keerthi52358a18.jpg]
[samridhini.com/products/charming-lilac-hand-embroidered-kurti-with-tie-dye-dupatta.html]
[samridhini.com/cdn/shop/files/657FBB76-9E30-45AA-BFC1-7E2860A01A24_1a9c23ef-aa88-4b78-b88e-3d27a7841e08284f.png]
[samridhini.com/cdn/shop/files/EE2AC6D3-FC3B-4517-8CFE-EFACC6679647_21172a69-5e08-4782-a6d5-71dfc53e55bb284f.png]
[samridhini.com/products/4-1.html]
[samridhini.com/cdn/shop/files/keerthi50012ca7.jpg]
[samridhini.com/cdn/shop/files/keerthi50102ca7.jpg]
[samridhini.com/products/elegant-navy-blue-embroidered-kurti-with-golden-detailing.html]
[samridhini.com/cdn/shop/files/keerthi4810c53f.jpg]
[samridhini.com/cdn/shop/files/keerthi4803c53f.jpg]
[samridhini.com/products/2.html]
[samridhini.com/cdn/shop/files/keerthi485578fc.jpg]
[samridhini.com/cdn/shop/files/keerthi486378fc.jpg]
[samridhini.com/products/10.html]
[samridhini.com/cdn/shop/files/keerthi5313ed7f.jpg]
[samridhini.com/cdn/shop/files/keerthi5322a835.jpg]
[samridhini.com/products/6.html]
[samridhini.com/cdn/shop/files/keerthi51063f83.jpg]
[samridhini.com/cdn/shop/files/keerthi5140facd.jpg]
[samridhini.com/products/9.html]
[samridhini.com/cdn/shop/files/keerthi5265a7e5.jpg]
[samridhini.com/cdn/shop/files/keerthi5281a7e5.jpg]
[samridhini.com/products/light-pink-saree.html]
[samridhini.com/cdn/shop/files/DSC083273473.jpg]
[samridhini.com/cdn/shop/files/DSC083213473.jpg]
[samridhini.com/products/saree-diwali.html]
[samridhini.com/cdn/shop/files/F2E7C5C6-B33D-419F-AAD8-34F72CA4348Be098.png]
[samridhini.com/cdn/shop/files/DSC08053e098.jpg]
[samridhini.com/products/royal-lavender-tissue-saree-with-intricate-zari-work.html]
[samridhini.com/cdn/shop/files/IMG_06830b04.jpg]
[samridhini.com/cdn/shop/files/Lavender_10b04.jpg]
[samridhini.com/cdn/shop/t/3/assets/lookbookf120.css]
[samridhini.com/cdn/shop/files/IMG_F65E822E333F-17480.jpg]
[samridhini.com/cdn/shop/files/IMG_49792b579.jpg]
[samridhini.com/cdn/shop/files/IMG_497924b72.jpg]
[samridhini.com/cdn/shop/t/3/assets/icon-box4f99.css]
[samridhini.com/cdn/shop/files/premium-badge_f2b0283b-dce9-46ac-84b6-5b1f5ad558577da4.png]
[samridhini.com/cdn/shop/files/premium-badge_f2b0283b-dce9-46ac-84b6-5b1f5ad558575c2a.png]
[samridhini.com/cdn/shop/files/rocket_e99f73a7-7735-4cc3-b155-23ba579e16360fea.png]
[samridhini.com/cdn/shop/files/rocket_e99f73a7-7735-4cc3-b155-23ba579e1636b049.png]
[samridhini.com/cdn/shop/files/male-telemarketer_78f989ff-81b3-4104-8b77-233e1efb65dc40e9.png]
[samridhini.com/cdn/shop/files/male-telemarketer_78f989ff-81b3-4104-8b77-233e1efb65dce15a.png]
[samridhini.com/cdn/shop/files/team_d51ecd86-9c96-45bb-bbcd-992e196bfe5e3a46.png]
[samridhini.com/cdn/shop/files/team_d51ecd86-9c96-45bb-bbcd-992e196bfe5eac0d.png]
[samridhini.com/cdn/shop/t/3/assets/instagramb84f.css]
[samridhini.com/cdn/shop/t/3/assets/custom-contentd455.css]
[samridhini.com/cdn/shop/t/3/assets/videocaac.css]
[samridhini.com/cdn/shop/t/3/assets/footer3420.css]
[samridhini.com/cdn/shop/t/3/assets/component-newslettera979.css]
[samridhini.com/policies/refund-policy.html]
[samridhini.com/policies/shipping-policy.html]
[samridhini.com/policies/contact-information.html]
[samridhini.com/policies/terms-of-service.html]
[samridhini.com/policies/privacy-policy.html]
[samridhini.com/cdn/shop/t/3/assets/footerf742.js]
[samridhini.com/cdn/shop/t/3/assets/mobile-sticky-bar08ff.css]
[samridhini.com/cdn/shop/t/3/assets/product-quick-viewfa34.js]
[samridhini.com/cdn/shop/t/3/assets/wishlist331c.js]
[samridhini.com/cdn/shop/t/3/assets/compare-productfdf1.js]
[samridhini.com/cdn/shop/t/3/assets/predictive-searchb69f.js]
[samridhini.com/cdn/shop/t/3/assets/product-card-swatch9ae3.js]
[samridhini.com/cdn/shop/t/3/assets/cartbf03.js]
[samridhini.com/cdn/shop/t/3/assets/cart-drawer8d8f.js]
[samridhini.com/cdn/shop/t/3/assets/cart-addonb66c.js]
[cdn.shopify.com/extensions/3cb94ba4-08d4-4e38-b831-8c2649db2d77/v5.4.9/assets/app_embed.js]
[cdn.shopify.com/extensions/3cb94ba4-08d4-4e38-b831-8c2649db2d77/v5.4.9/assets/countdown_timer_cart.js]
[cdn.shopify.com/extensions/3cb94ba4-08d4-4e38-b831-8c2649db2d77/v5.4.9/assets/free_shipping_bar.js]
[cdn.shopify.com/extensions/3cb94ba4-08d4-4e38-b831-8c2649db2d77/v5.4.9/assets/sales_pop_up.js]
[cdn.shopify.com/extensions/3cb94ba4-08d4-4e38-b831-8c2649db2d77/v5.4.9/assets/payment_badges_cart.js]
[cdn.shopify.com/extensions/3cb94ba4-08d4-4e38-b831-8c2649db2d77/v5.4.9/assets/trust_badges_cart.js]
[cdn.shopify.com/extensions/3cb94ba4-08d4-4e38-b831-8c2649db2d77/v5.4.9/assets/cookie_banner.js]
[cdn.shopify.com/extensions/3cb94ba4-08d4-4e38-b831-8c2649db2d77/v5.4.9/assets/agree_to_terms_checkbox.js]
[cdn.shopify.com/extensions/3cb94ba4-08d4-4e38-b831-8c2649db2d77/v5.4.9/assets/add_to_cart_animation.js]
[cdn.shopify.com/extensions/3cb94ba4-08d4-4e38-b831-8c2649db2d77/v5.4.9/assets/size_chart_app_embed.js]
[cdn.shopify.com/extensions/3cb94ba4-08d4-4e38-b831-8c2649db2d77/v5.4.9/assets/favicon_cart_count.js]
[cdn.shopify.com/extensions/3cb94ba4-08d4-4e38-b831-8c2649db2d77/v5.4.9/assets/inactive_tab.js]
[cdn.shopify.com/extensions/3cb94ba4-08d4-4e38-b831-8c2649db2d77/v5.4.9/assets/sticky_add_to_cart.js]
[cdn.shopify.com/extensions/3cb94ba4-08d4-4e38-b831-8c2649db2d77/v5.4.9/assets/scroll_to_top_button.js]
[cdn.shopify.com/extensions/3cb94ba4-08d4-4e38-b831-8c2649db2d77/v5.4.9/assets/auto_external_links.js]
[cdn.shopify.com/extensions/3cb94ba4-08d4-4e38-b831-8c2649db2d77/v5.4.9/assets/social_media_buttons.js]
[cdn.shopify.com/extensions/3cb94ba4-08d4-4e38-b831-8c2649db2d77/v5.4.9/assets/content_protection.js]
[cdn.shopify.com/extensions/3cb94ba4-08d4-4e38-b831-8c2649db2d77/v5.4.9/assets/best_sellers_protection.js]
[cdn.shopify.com/extensions/3cb94ba4-08d4-4e38-b831-8c2649db2d77/v5.4.9/assets/product_labels.js]
[cdn.shopify.com/extensions/3cb94ba4-08d4-4e38-b831-8c2649db2d77/v5.4.9/assets/product_tabs_and_accordion.js]
[cdn.shopify.com/extensions/3cb94ba4-08d4-4e38-b831-8c2649db2d77/v5.4.9/assets/spending_goal_tracker.js]
[cdn.shopify.com/extensions/3cb94ba4-08d4-4e38-b831-8c2649db2d77/v5.4.9/assets/order_limits.js]
[cdn.shopify.com/extensions/3cb94ba4-08d4-4e38-b831-8c2649db2d77/v5.4.9/assets/product_limits.js]
[cdn.shopify.com/extensions/3cb94ba4-08d4-4e38-b831-8c2649db2d77/v5.4.9/assets/quote_upsell.js]
[samridhini.com/index.html]
[fastrr-boost-ui.pickrr.com/assets/styles/shopify.css]
[samridhini.com/cdn/shop/t/3/assets/gridefe5.css]
[samridhini.com/cdn/shop/t/3/assets/base9700.css]
[samridhini.com/cdn/shop/t/3/assets/modulesd741.css]
[samridhini.com/cdn/shop/t/3/assets/vendorb37f.css]
[samridhini.com/cdn/shop/t/3/assets/ar-down71ac.svg]
[samridhini.com/cdn/shop/t/3/assets/search9b6c.css]
[samridhini.com/cdn/shop/t/3/assets/cart8e70.css]
[samridhini.com/cdn/shop/t/3/assets/custom-styleeaed.css]
[samridhini.com/cdn/shop/t/3/assets/custom5709.css]
[cdn.shopify.com/extensions/3cb94ba4-08d4-4e38-b831-8c2649db2d77/v5.4.9/assets/insurance_add_ons.js]
[cdn.shopify.com/s/files/1/0654/5637/3996/files/code_fa4e1.png]
[cdn.shopify.com/extensions/66f5d0e8-9495-464c-91a9-3cb236d390f7/c-edd-estimated-delivery-date-24/assets/delivery_coder.css]
[cdn.shopify.com/extensions/51a4cea3-21c2-4b46-b785-5251d82873e8/reelfy-videos-365/assets/reelfy.css]
[samridhini.com/POST.html]
[samridhini.com/cdn.html]
[samridhini.com/cdn/shop/t/3/assets/announcement-bar3448.css]
[samridhini.com/cdn/shop/t/3/assets/header122a.css]
[samridhini.com/cdn/shop/t/3/assets/topbaref28.css]
[samridhini.com/cart.html]
[samridhini.com/cdn/shop/t/3/assets/recently-viewed-products327d.js]
[samridhini.com/collections/all.atom]
[samridhini.com/collections/all4658.html]
[samridhini.com/collections/POST]
[samridhini.com/cdn/shop/t/3/assets/collection-headerd721.css]
[samridhini.com/cdn/shop/t/3/assets/collection-headerf042.js]
[samridhini.com/cdn/shop/t/3/assets/collectionbc6e.css]
[samridhini.com/cdn/shop/t/3/assets/collection9a08.js]
[samridhini.com/cdn/shop/t/3/assets/tags-filters04a7.js]
[samridhini.com/collections/all.html]
[samridhini.com/collections/all148f.html]
[samridhini.com/pages/POST]
[samridhini.com/pages/contact.html]
[samridhini.com/pages/track-my-order.html]
[samridhini.com/pages/about-us.html]
[samridhini.com/cdn/shop/t/3/assets/customer499e.css]
[samridhini.com/account/POST]
[samridhini.com/account/login.html]
[samridhini.com/account/register.html]
[samridhini.com/account/login4236.html]
[samridhini.com/pages/whishlist.html]
[samridhini.com/cdn/shop/t/3/assets/slideshow3794.css]
[samridhini.com/collections/sarees.atom]
[samridhini.com/collections/sarees.oembed]
[samridhini.com/products/saree1.html]
[samridhini.com/cdn/shop/files/DSC080251797.jpg]
[samridhini.com/cdn/shop/files/DSC080181797.jpg]
[samridhini.com/collections/sarees.html]
[samridhini.com/collections/dresses.atom]
[samridhini.com/collections/dresses.oembed]
[samridhini.com/products/1.html]
[samridhini.com/cdn/shop/files/keerthi4710_93fdf6b1-34e8-4812-bda2-e76b67eb6214876b.jpg]
[samridhini.com/cdn/shop/files/keerthi4725876b.jpg]
[samridhini.com/products/5.html]
[samridhini.com/cdn/shop/files/keerthi506359e8.jpg]
[samridhini.com/cdn/shop/files/keerthi5087a121.jpg]
[samridhini.com/collections/dresses.html]
[samridhini.com/en/products/pure-elegance-black-soft-cotton-saree-with-subtle-sheen-and-artistic-blouse.html]
[samridhini.com/en/products/premium-elegant-gold-pink-tissue-saree-with-golden-zari-border.html]
[samridhini.com/en/products/classic-lavender-floral-soft-chiffon-saree-with-royal-purple-border-work-blouse.html]
[samridhini.com/en/products/regal-soft-banarasi-katan-silk-saree.html]
[samridhini.com/products/pure-elegance-black-soft-cotton-saree-with-subtle-sheen-and-artistic-blouse.oembed]
[samridhini.com/cdn/shopifycloud/portable-wallets/latest/accelerated-checkout-backwards-compat.css]
[samridhini.com/products/POST]
[samridhini.com/cdn/shop/t/3/assets/productf8e2.css]
[samridhini.com/cdn/shop/t/3/assets/photoswiped6e1.css]
[samridhini.com/cdn/shop/t/3/assets/component-photoswipe5ace.css]
[samridhini.com/cdn/shop/files/IMG_9076ee25.jpg]
[samridhini.com/cdn/shop/files/IMG_10864c94.jpg]
[samridhini.com/cdn/shop/files/IMG_9066ee25.jpg]
[samridhini.com/cdn/shop/files/IMG_9064ee25.jpg]
[samridhini.com/cdn/shop/files/IMG_10844c94.jpg]
[samridhini.com/cdn/shop/files/IMG_10854c94.jpg]
[samridhini.com/cdn/shop/files/IMG_9076958b.jpg]
[samridhini.com/cdn/shop/files/IMG_10861a33.jpg]
[samridhini.com/cdn/shop/files/IMG_9066958b.jpg]
[samridhini.com/cdn/shop/files/IMG_9064958b.jpg]
[samridhini.com/cdn/shop/files/IMG_10841a33.jpg]
[samridhini.com/cdn/shop/files/IMG_10851a33.jpg]
[samridhini.com/cdn/shop/t/3/assets/pickup-availabilitydbb0.css]
[samridhini.com/cdn/shop/t/3/assets/pickup-availability1394.js]
[samridhini.com/cdn/shop/t/3/assets/product-inventoryeffe.js]
[samridhini.com/cdn/shop/files/PG_ICONS_c2062f70-7881-4597-b2f8-ff12f6c6bc6e443a.png]
[samridhini.com/cdn/shop/files/PG_ICONS_c2062f70-7881-4597-b2f8-ff12f6c6bc6e9fa2.png]
[samridhini.com/cdn/shop/t/3/assets/sticky-add-to-cart9ad4.css]
[samridhini.com/cdn/shop/files/IMG_907657d2.jpg]
[samridhini.com/cdn/shop/files/IMG_90761f72.jpg]
[samridhini.com/cdn/shop/t/3/assets/sticky-atc9e07.js]
[samridhini.com/cdn/shop/t/3/assets/photoswipe.min18ee.js]
[samridhini.com/cdn/shop/t/3/assets/productafba.js]
[samridhini.com/cdn/shop/t/3/assets/product-mediad29f.js]
[samridhini.com/cdn/shop/t/3/assets/product-media-mobile5d1a.js]
[samridhini.com/products/pure-elegance-black-soft-cotton-saree-with-subtle-sheen-and-artistic-blouse.html]
[samridhini.com/cdn/shop/t/3/assets/variant-pickercb84.js]
[samridhini.com/products/premium-elegant-gold-pink-tissue-saree-with-golden-zari-border.oembed]
[samridhini.com/cdn/shop/files/IMG_49792a1ef.jpg]
[samridhini.com/cdn/shop/files/IMG_F65E822E333F-18ee8.jpg]
[samridhini.com/cdn/shop/files/IMG_3FB4CAA8972C-18ee8.jpg]
[samridhini.com/cdn/shop/files/IMG_A43ABB25864D-18ee8.jpg]
[samridhini.com/cdn/shop/files/IMG_8C54DFA81DC9-18ee8.jpg]
[samridhini.com/cdn/shop/files/IMG_49812a1ef.jpg]
[samridhini.com/cdn/shop/files/IMG_497921d7e.jpg]
[samridhini.com/cdn/shop/files/IMG_F65E822E333F-134b2.jpg]
[samridhini.com/cdn/shop/files/IMG_3FB4CAA8972C-134b2.jpg]
[samridhini.com/cdn/shop/files/IMG_A43ABB25864D-134b2.jpg]
[samridhini.com/cdn/shop/files/IMG_8C54DFA81DC9-134b2.jpg]
[samridhini.com/cdn/shop/files/IMG_498121d7e.jpg]
[samridhini.com/products/premium-elegant-gold-pink-tissue-saree-with-golden-zari-border.html]
[samridhini.com/products/classic-lavender-floral-soft-chiffon-saree-with-royal-purple-border-work-blouse.oembed]
[samridhini.com/cdn/shop/files/IMG_556663c0.jpg]
[samridhini.com/cdn/shop/files/IMG_5570_25692.jpg]
[samridhini.com/cdn/shop/files/IMG_55735692.jpg]
[samridhini.com/cdn/shop/files/IMG_5564_25692.jpg]
[samridhini.com/cdn/shop/files/IMG_5559dc25.jpg]
[samridhini.com/cdn/shop/files/IMG_54665692.jpg]
[samridhini.com/cdn/shop/files/IMG_55695692.jpg]
[samridhini.com/cdn/shop/files/IMG_5566a641.jpg]
[samridhini.com/cdn/shop/files/IMG_5570_2d432.jpg]
[samridhini.com/cdn/shop/files/IMG_5573d432.jpg]
[samridhini.com/cdn/shop/files/IMG_5564_2d432.jpg]
[samridhini.com/cdn/shop/files/IMG_5559cd58.jpg]
[samridhini.com/cdn/shop/files/IMG_5466d432.jpg]
[samridhini.com/cdn/shop/files/IMG_5569d432.jpg]
[samridhini.com/cdn/shop/files/IMG_55667f86.jpg]
[samridhini.com/cdn/shop/files/IMG_5566769a.jpg]
[samridhini.com/products/classic-lavender-floral-soft-chiffon-saree-with-royal-purple-border-work-blouse.html]
[samridhini.com/products/regal-soft-banarasi-katan-silk-saree.oembed]
[samridhini.com/cdn/shop/files/IMG_74302c08.jpg]
[samridhini.com/cdn/shop/files/IMG_D83DB0DB6EBA-1e441.jpg]
[samridhini.com/cdn/shop/files/IMG_74372c08.jpg]
[samridhini.com/cdn/shop/files/IMG_95C32C38012E-12c08.jpg]
[samridhini.com/cdn/shop/files/IMG_74312c08.jpg]
[samridhini.com/cdn/shop/files/IMG_74308038.jpg]
[samridhini.com/cdn/shop/files/IMG_D83DB0DB6EBA-1e6fe.jpg]
[samridhini.com/cdn/shop/files/IMG_74378038.jpg]
[samridhini.com/cdn/shop/files/IMG_95C32C38012E-18038.jpg]
[samridhini.com/cdn/shop/files/IMG_74318038.jpg]
[samridhini.com/cdn/shop/files/IMG_7430d6e3.jpg]
[samridhini.com/cdn/shop/files/IMG_7430cf23.jpg]
[samridhini.com/products/regal-soft-banarasi-katan-silk-saree.html]
[samridhini.com/cdn/shop/t/3/assets/component-collection-carda20b.css]
[samridhini.com/cdn/shop/t/3/assets/collection-lista211.css]
[samridhini.com/collections/new-collection.atom]
[samridhini.com/collections/new-collection.oembed]
[samridhini.com/collections/new-collection.html]
[samridhini.com/cdn/shop/t/3/assets/component-product-cardd7d7.css]
[samridhini.com/cdn/shop/t/3/assets/component-product-inventoryad06.css]
[samridhini.com/cdn/shop/t/3/assets/tabsfadf.css]
[samridhini.com/cdn/shop/t/3/assets/product-tabs18c5.css]
[samridhini.com/cdn/shop/t/3/assets/component-price6234.css]
[samridhini.com/products/red-gold-premium-pattu-saree-a-symbol-of-tradition-and-elegance.oembed]
[samridhini.com/cdn/shop/files/IMG_364507c4.jpg]
[samridhini.com/cdn/shop/files/IMG_364607c4.jpg]
[samridhini.com/cdn/shop/files/IMG_364707c4.jpg]
[samridhini.com/cdn/shop/files/IMG_364807c4.jpg]
[samridhini.com/cdn/shop/files/IMG_364907c4.jpg]
[samridhini.com/cdn/shop/files/IMG_365007c4.jpg]
[samridhini.com/cdn/shop/files/IMG_364556fc.jpg]
[samridhini.com/cdn/shop/files/IMG_364656fc.jpg]
[samridhini.com/cdn/shop/files/IMG_364756fc.jpg]
[samridhini.com/cdn/shop/files/IMG_364856fc.jpg]
[samridhini.com/cdn/shop/files/IMG_364956fc.jpg]
[samridhini.com/cdn/shop/files/IMG_365056fc.jpg]
[samridhini.com/cdn/shop/files/IMG_364583e4.jpg]
[samridhini.com/cdn/shop/files/IMG_36459b59.jpg]
[samridhini.com/products/red-gold-premium-pattu-saree-a-symbol-of-tradition-and-elegance.html]
[samridhini.com/products/7.oembed]
[samridhini.com/cdn/shop/files/keerthi5166db25.jpg]
[samridhini.com/cdn/shop/files/keerthi5151db25.jpg]
[samridhini.com/cdn/shop/files/keerthi5164b49b.jpg]
[samridhini.com/cdn/shop/files/keerthi5153b49b.jpg]
[samridhini.com/cdn/shop/files/keerthi51665068.jpg]
[samridhini.com/cdn/shop/files/keerthi51515068.jpg]
[samridhini.com/cdn/shop/files/keerthi5164ba82.jpg]
[samridhini.com/cdn/shop/files/keerthi5153ba82.jpg]
[samridhini.com/cdn/shop/files/keerthi5166faf6.jpg]
[samridhini.com/cdn/shop/files/keerthi5166369c.jpg]
[samridhini.com/products/7.html]
[samridhini.com/products/4.oembed]
[samridhini.com/cdn/shop/files/keerthi4943555d.jpg]
[samridhini.com/cdn/shop/files/keerthi4946555d.jpg]
[samridhini.com/cdn/shop/files/keerthi4967d983.jpg]
[samridhini.com/cdn/shop/files/keerthi4960d983.jpg]
[samridhini.com/cdn/shop/files/keerthi4957d983.jpg]
[samridhini.com/cdn/shop/files/keerthi4948d983.jpg]
[samridhini.com/cdn/shop/files/keerthi4971555d.jpg]
[samridhini.com/cdn/shop/files/keerthi49431a94.jpg]
[samridhini.com/cdn/shop/files/keerthi49461a94.jpg]
[samridhini.com/cdn/shop/files/keerthi49677774.jpg]
[samridhini.com/cdn/shop/files/keerthi49607774.jpg]
[samridhini.com/cdn/shop/files/keerthi49577774.jpg]
[samridhini.com/cdn/shop/files/keerthi49487774.jpg]
[samridhini.com/cdn/shop/files/keerthi49711a94.jpg]
[samridhini.com/cdn/shop/files/keerthi49437c00.jpg]
[samridhini.com/cdn/shop/files/keerthi4943fef8.jpg]
[samridhini.com/products/4.html]
[samridhini.com/products/traditional-kanjivaram-silk-saree-with-kalamkari-pattern-and-contrast-border.oembed]
[samridhini.com/cdn/shop/files/2_b05cce45-6023-4ccd-b16b-3d4d9560df8356d1.jpg]
[samridhini.com/cdn/shop/files/7f4c7.jpg]
[samridhini.com/cdn/shop/files/mang19ea0.jpg]
[samridhini.com/cdn/shop/files/3_0a8a6662-7846-4ef4-aa32-0a0bb85fa42d2ddb.jpg]
[samridhini.com/cdn/shop/files/6996d.jpg]
[samridhini.com/cdn/shop/files/4_4f62018a-43f1-46b5-894c-c1c0c94bf905f4c7.jpg]
[samridhini.com/cdn/shop/files/5_899f692b-c44e-4812-a961-6878dfb38747f4c7.jpg]
[samridhini.com/cdn/shop/files/2_b05cce45-6023-4ccd-b16b-3d4d9560df83b857.jpg]
[samridhini.com/cdn/shop/files/7d7fc.jpg]
[samridhini.com/cdn/shop/files/mang14fcb.jpg]
[samridhini.com/cdn/shop/files/3_0a8a6662-7846-4ef4-aa32-0a0bb85fa42d9da3.jpg]
[samridhini.com/cdn/shop/files/6d1ff.jpg]
[samridhini.com/cdn/shop/files/4_4f62018a-43f1-46b5-894c-c1c0c94bf905d7fc.jpg]
[samridhini.com/cdn/shop/files/5_899f692b-c44e-4812-a961-6878dfb38747d7fc.jpg]
[samridhini.com/cdn/shop/files/2_b05cce45-6023-4ccd-b16b-3d4d9560df83bacf.jpg]
[samridhini.com/cdn/shop/files/2_b05cce45-6023-4ccd-b16b-3d4d9560df836e57.jpg]
[samridhini.com/products/traditional-kanjivaram-silk-saree-with-kalamkari-pattern-and-contrast-border.html]
[samridhini.com/products/chic-pink-and-white-striped-georgette-saree-with-floral-embroidered-border.oembed]
[samridhini.com/cdn/shop/files/wef1f8f.jpg]
[samridhini.com/cdn/shop/files/ds1f8f.jpg]
[samridhini.com/cdn/shop/files/web_size8445.jpg]
[samridhini.com/cdn/shop/files/jsnd1f8f.jpg]
[samridhini.com/cdn/shop/files/wsd1f8f.jpg]
[samridhini.com/cdn/shop/files/kjf1f8f.jpg]
[samridhini.com/cdn/shop/files/weff03d.jpg]
[samridhini.com/cdn/shop/files/dsf03d.jpg]
[samridhini.com/cdn/shop/files/web_size930d.jpg]
[samridhini.com/cdn/shop/files/jsndf03d.jpg]
[samridhini.com/cdn/shop/files/wsdf03d.jpg]
[samridhini.com/cdn/shop/files/kjff03d.jpg]
[samridhini.com/cdn/shop/files/wefdab8.jpg]
[samridhini.com/cdn/shop/files/wef23ad.jpg]
[samridhini.com/products/chic-pink-and-white-striped-georgette-saree-with-floral-embroidered-border.html]
[samridhini.com/products/elegant-teal-blue-banarasi-silk-saree-with-magenta-border-and-golden-zari-work.oembed]
[samridhini.com/cdn/shop/files/2ddfc.jpg]
[samridhini.com/cdn/shop/files/14211.jpg]
[samridhini.com/cdn/shop/files/54211.jpg]
[samridhini.com/cdn/shop/files/34211.jpg]
[samridhini.com/cdn/shop/files/44211.jpg]
[samridhini.com/cdn/shop/files/2d9fc.jpg]
[samridhini.com/cdn/shop/files/1d4cf.jpg]
[samridhini.com/cdn/shop/files/5d4cf.jpg]
[samridhini.com/cdn/shop/files/3d4cf.jpg]
[samridhini.com/cdn/shop/files/4d4cf.jpg]
[samridhini.com/cdn/shop/files/21701.jpg]
[samridhini.com/cdn/shop/files/2f6ce.jpg]
[samridhini.com/products/elegant-teal-blue-banarasi-silk-saree-with-magenta-border-and-golden-zari-work.html]
[samridhini.com/collections/keerthis-favourite.atom]
[samridhini.com/collections/keerthis-favourite.oembed]
[samridhini.com/collections/keerthis-favourite.html]
[samridhini.com/products/8.oembed]
[samridhini.com/cdn/shop/files/keerthi52306a4d.jpg]
[samridhini.com/cdn/shop/files/keerthi52356a4d.jpg]
[samridhini.com/cdn/shop/files/keerthi52376a4d.jpg]
[samridhini.com/cdn/shop/files/keerthi52426a4d.jpg]
[samridhini.com/cdn/shop/files/keerthi52546a4d.jpg]
[samridhini.com/cdn/shop/files/keerthi52566a4d.jpg]
[samridhini.com/cdn/shop/files/keerthi52636a4d.jpg]
[samridhini.com/cdn/shop/files/keerthi523023ff.jpg]
[samridhini.com/cdn/shop/files/keerthi523523ff.jpg]
[samridhini.com/cdn/shop/files/keerthi523723ff.jpg]
[samridhini.com/cdn/shop/files/keerthi524223ff.jpg]
[samridhini.com/cdn/shop/files/keerthi525423ff.jpg]
[samridhini.com/cdn/shop/files/keerthi525623ff.jpg]
[samridhini.com/cdn/shop/files/keerthi526323ff.jpg]
[samridhini.com/cdn/shop/files/keerthi5230c4f8.jpg]
[samridhini.com/cdn/shop/files/keerthi52306319.jpg]
[samridhini.com/products/8.html]
[samridhini.com/products/charming-lilac-hand-embroidered-kurti-with-tie-dye-dupatta.oembed]
[samridhini.com/cdn/shop/files/657FBB76-9E30-45AA-BFC1-7E2860A01A24_1a9c23ef-aa88-4b78-b88e-3d27a7841e0869b5.png]
[samridhini.com/cdn/shop/files/EE2AC6D3-FC3B-4517-8CFE-EFACC6679647_21172a69-5e08-4782-a6d5-71dfc53e55bb69b5.png]
[samridhini.com/cdn/shop/files/89B04E07-20FC-468E-9474-DEDC4D239914_5424af06-5564-4588-a5f0-32431aa6464569b5.jpg]
[samridhini.com/cdn/shop/files/3F9E468B-9462-47F2-94B1-FD6E3E10B16269b5.jpg]
[samridhini.com/cdn/shop/files/355DAD6E-F8F7-48BC-AC35-72CD45CCCEC2_987b071f-d6fc-4699-8274-7887cc9dacf869b5.jpg]
[samridhini.com/cdn/shop/files/D3A7ABC9-ABCC-4ECE-BF4C-27856831280B_1_201_a_e2991eda-a15d-421c-8a91-38e5c2b983d169b5.jpg]
[samridhini.com/cdn/shop/files/657FBB76-9E30-45AA-BFC1-7E2860A01A24_1a9c23ef-aa88-4b78-b88e-3d27a7841e0804dd.png]
[samridhini.com/cdn/shop/files/EE2AC6D3-FC3B-4517-8CFE-EFACC6679647_21172a69-5e08-4782-a6d5-71dfc53e55bb04dd.png]
[samridhini.com/cdn/shop/files/89B04E07-20FC-468E-9474-DEDC4D239914_5424af06-5564-4588-a5f0-32431aa6464504dd.jpg]
[samridhini.com/cdn/shop/files/3F9E468B-9462-47F2-94B1-FD6E3E10B16204dd.jpg]
[samridhini.com/cdn/shop/files/355DAD6E-F8F7-48BC-AC35-72CD45CCCEC2_987b071f-d6fc-4699-8274-7887cc9dacf804dd.jpg]
[samridhini.com/cdn/shop/files/D3A7ABC9-ABCC-4ECE-BF4C-27856831280B_1_201_a_e2991eda-a15d-421c-8a91-38e5c2b983d104dd.jpg]
[samridhini.com/cdn/shop/files/657FBB76-9E30-45AA-BFC1-7E2860A01A24_1a9c23ef-aa88-4b78-b88e-3d27a7841e08008e.png]
[samridhini.com/cdn/shop/files/657FBB76-9E30-45AA-BFC1-7E2860A01A24_1a9c23ef-aa88-4b78-b88e-3d27a7841e089246.png]
[samridhini.com/products/charming-lilac-hand-embroidered-kurti-with-tie-dye-dupatta.html]
[samridhini.com/products/4-1.oembed]
[samridhini.com/cdn/shop/files/keerthi50015d8a.jpg]
[samridhini.com/cdn/shop/files/keerthi50105d8a.jpg]
[samridhini.com/cdn/shop/files/keerthi50195d8a.jpg]
[samridhini.com/cdn/shop/files/keerthi50235d8a.jpg]
[samridhini.com/cdn/shop/files/keerthi50335d8a.jpg]
[samridhini.com/cdn/shop/files/keerthi50355d8a.jpg]
[samridhini.com/cdn/shop/files/keerthi50375d8a.jpg]
[samridhini.com/cdn/shop/files/keerthi50435d8a.jpg]
[samridhini.com/cdn/shop/files/keerthi50018ddb.jpg]
[samridhini.com/cdn/shop/files/keerthi50108ddb.jpg]
[samridhini.com/cdn/shop/files/keerthi50198ddb.jpg]
[samridhini.com/cdn/shop/files/keerthi50238ddb.jpg]
[samridhini.com/cdn/shop/files/keerthi50338ddb.jpg]
[samridhini.com/cdn/shop/files/keerthi50358ddb.jpg]
[samridhini.com/cdn/shop/files/keerthi50378ddb.jpg]
[samridhini.com/cdn/shop/files/keerthi50438ddb.jpg]
[samridhini.com/cdn/shop/files/keerthi50015894.jpg]
[samridhini.com/cdn/shop/files/keerthi50011b08.jpg]
[samridhini.com/products/4-1.html]
[samridhini.com/products/elegant-navy-blue-embroidered-kurti-with-golden-detailing.oembed]
[samridhini.com/cdn/shop/files/keerthi4810e45f.jpg]
[samridhini.com/cdn/shop/files/keerthi4803e45f.jpg]
[samridhini.com/cdn/shop/files/keerthi4809e45f.jpg]
[samridhini.com/cdn/shop/files/keerthi4813e281.jpg]
[samridhini.com/cdn/shop/files/keerthi4822e281.jpg]
[samridhini.com/cdn/shop/files/keerthi4824e281.jpg]
[samridhini.com/cdn/shop/files/keerthi4831e281.jpg]
[samridhini.com/cdn/shop/files/keerthi4838e281.jpg]
[samridhini.com/cdn/shop/files/keerthi4844e281.jpg]
[samridhini.com/cdn/shop/files/keerthi48103f2e.jpg]
[samridhini.com/cdn/shop/files/keerthi48033f2e.jpg]
[samridhini.com/cdn/shop/files/keerthi48093f2e.jpg]
[samridhini.com/cdn/shop/files/keerthi48131868.jpg]
[samridhini.com/cdn/shop/files/keerthi48221868.jpg]
[samridhini.com/cdn/shop/files/keerthi48241868.jpg]
[samridhini.com/cdn/shop/files/keerthi48311868.jpg]
[samridhini.com/cdn/shop/files/keerthi48381868.jpg]
[samridhini.com/cdn/shop/files/keerthi48441868.jpg]
[samridhini.com/cdn/shop/files/keerthi48106fb4.jpg]
[samridhini.com/cdn/shop/files/keerthi4810ac46.jpg]
[samridhini.com/products/elegant-navy-blue-embroidered-kurti-with-golden-detailing.html]
[samridhini.com/products/2.oembed]
[samridhini.com/cdn/shop/files/keerthi48552262.jpg]
[samridhini.com/cdn/shop/files/keerthi48632262.jpg]
[samridhini.com/cdn/shop/files/keerthi48822262.jpg]
[samridhini.com/cdn/shop/files/keerthi48972262.jpg]
[samridhini.com/cdn/shop/files/keerthi49012262.jpg]
[samridhini.com/cdn/shop/files/keerthi48553a60.jpg]
[samridhini.com/cdn/shop/files/keerthi48633a60.jpg]
[samridhini.com/cdn/shop/files/keerthi48823a60.jpg]
[samridhini.com/cdn/shop/files/keerthi48973a60.jpg]
[samridhini.com/cdn/shop/files/keerthi49013a60.jpg]
[samridhini.com/cdn/shop/files/keerthi485596a1.jpg]
[samridhini.com/cdn/shop/files/keerthi4855f3cf.jpg]
[samridhini.com/products/2.html]
[samridhini.com/products/10.oembed]
[samridhini.com/cdn/shop/files/keerthi53132342.jpg]
[samridhini.com/cdn/shop/files/keerthi5322acae.jpg]
[samridhini.com/cdn/shop/files/keerthi53282342.jpg]
[samridhini.com/cdn/shop/files/keerthi5331acae.jpg]
[samridhini.com/cdn/shop/files/keerthi53432342.jpg]
[samridhini.com/cdn/shop/files/keerthi53442342.jpg]
[samridhini.com/cdn/shop/files/keerthi5350acae.jpg]
[samridhini.com/cdn/shop/files/keerthi53542342.jpg]
[samridhini.com/cdn/shop/files/keerthi53562342.jpg]
[samridhini.com/cdn/shop/files/keerthi5359acae.jpg]
[samridhini.com/cdn/shop/files/keerthi53612342.jpg]
[samridhini.com/cdn/shop/files/keerthi531355d9.jpg]
[samridhini.com/cdn/shop/files/keerthi5322c227.jpg]
[samridhini.com/cdn/shop/files/keerthi532855d9.jpg]
[samridhini.com/cdn/shop/files/keerthi5331c227.jpg]
[samridhini.com/cdn/shop/files/keerthi534355d9.jpg]
[samridhini.com/cdn/shop/files/keerthi534455d9.jpg]
[samridhini.com/cdn/shop/files/keerthi5350c227.jpg]
[samridhini.com/cdn/shop/files/keerthi535455d9.jpg]
[samridhini.com/cdn/shop/files/keerthi535655d9.jpg]
[samridhini.com/cdn/shop/files/keerthi5359c227.jpg]
[samridhini.com/cdn/shop/files/keerthi536155d9.jpg]
[samridhini.com/cdn/shop/files/keerthi5313e610.jpg]
[samridhini.com/cdn/shop/files/keerthi53133089.jpg]
[samridhini.com/products/10.html]
[samridhini.com/products/6.oembed]
[samridhini.com/cdn/shop/files/keerthi510652b2.jpg]
[samridhini.com/cdn/shop/files/keerthi5140c761.jpg]
[samridhini.com/cdn/shop/files/keerthi5135c761.jpg]
[samridhini.com/cdn/shop/files/keerthi5113c761.jpg]
[samridhini.com/cdn/shop/files/keerthi5131c761.jpg]
[samridhini.com/cdn/shop/files/keerthi5109c761.jpg]
[samridhini.com/cdn/shop/files/keerthi514652b2.jpg]
[samridhini.com/cdn/shop/files/keerthi5106562d.jpg]
[samridhini.com/cdn/shop/files/keerthi5140926e.jpg]
[samridhini.com/cdn/shop/files/keerthi5135926e.jpg]
[samridhini.com/cdn/shop/files/keerthi5113926e.jpg]
[samridhini.com/cdn/shop/files/keerthi5131926e.jpg]
[samridhini.com/cdn/shop/files/keerthi5109926e.jpg]
[samridhini.com/cdn/shop/files/keerthi5146562d.jpg]
[samridhini.com/cdn/shop/files/keerthi51060cd1.jpg]
[samridhini.com/cdn/shop/files/keerthi5106be33.jpg]
[samridhini.com/products/6.html]
[samridhini.com/products/9.oembed]
[samridhini.com/cdn/shop/files/keerthi526513ce.jpg]
[samridhini.com/cdn/shop/files/keerthi528113ce.jpg]
[samridhini.com/cdn/shop/files/keerthi530013ce.jpg]
[samridhini.com/cdn/shop/files/keerthi530313ce.jpg]
[samridhini.com/cdn/shop/files/keerthi531013ce.jpg]
[samridhini.com/cdn/shop/files/keerthi52651d9e.jpg]
[samridhini.com/cdn/shop/files/keerthi52811d9e.jpg]
[samridhini.com/cdn/shop/files/keerthi53001d9e.jpg]
[samridhini.com/cdn/shop/files/keerthi53031d9e.jpg]
[samridhini.com/cdn/shop/files/keerthi53101d9e.jpg]
[samridhini.com/cdn/shop/files/keerthi52651359.jpg]
[samridhini.com/cdn/shop/files/keerthi52652f8f.jpg]
[samridhini.com/products/9.html]
[samridhini.com/products/light-pink-saree.oembed]
[samridhini.com/cdn/shop/files/DSC083273156.jpg]
[samridhini.com/cdn/shop/files/DSC083213156.jpg]
[samridhini.com/cdn/shop/files/DSC083373156.jpg]
[samridhini.com/cdn/shop/files/DSC083403156.jpg]
[samridhini.com/cdn/shop/files/DSC083223156.jpg]
[samridhini.com/cdn/shop/files/DSC08327b0d0.jpg]
[samridhini.com/cdn/shop/files/DSC08321b0d0.jpg]
[samridhini.com/cdn/shop/files/DSC08337b0d0.jpg]
[samridhini.com/cdn/shop/files/DSC08340b0d0.jpg]
[samridhini.com/cdn/shop/files/DSC08322b0d0.jpg]
[samridhini.com/cdn/shop/files/DSC08327c675.jpg]
[samridhini.com/cdn/shop/files/DSC08327a666.jpg]
[samridhini.com/products/light-pink-saree.html]
[samridhini.com/products/saree-diwali.oembed]
[samridhini.com/cdn/shop/files/F2E7C5C6-B33D-419F-AAD8-34F72CA4348Ba908.png]
[samridhini.com/cdn/shop/files/DSC08053a908.jpg]
[samridhini.com/cdn/shop/files/3C807719-D40C-4201-B94C-E610E3D4298Ea908.png]
[samridhini.com/cdn/shop/files/DSC08049a908.jpg]
[samridhini.com/cdn/shop/files/DSC08055a908.jpg]
[samridhini.com/cdn/shop/files/F2E7C5C6-B33D-419F-AAD8-34F72CA4348B640e.png]
[samridhini.com/cdn/shop/files/DSC08053640e.jpg]
[samridhini.com/cdn/shop/files/3C807719-D40C-4201-B94C-E610E3D4298E640e.png]
[samridhini.com/cdn/shop/files/DSC08049640e.jpg]
[samridhini.com/cdn/shop/files/DSC08055640e.jpg]
[samridhini.com/cdn/shop/files/F2E7C5C6-B33D-419F-AAD8-34F72CA4348Ba2b4.png]
[samridhini.com/cdn/shop/files/F2E7C5C6-B33D-419F-AAD8-34F72CA4348B473e.png]
[samridhini.com/products/saree-diwali.html]
[samridhini.com/products/royal-lavender-tissue-saree-with-intricate-zari-work.oembed]
[samridhini.com/cdn/shop/files/IMG_06836426.jpg]
[samridhini.com/cdn/shop/files/Lavender_16426.jpg]
[samridhini.com/cdn/shop/files/IMG_06626426.jpg]
[samridhini.com/cdn/shop/files/IMG_06846426.jpg]
[samridhini.com/cdn/shop/files/IMG_06856426.jpg]
[samridhini.com/cdn/shop/files/IMG_06896426.jpg]
[samridhini.com/cdn/shop/files/IMG_06835d0c.jpg]
[samridhini.com/cdn/shop/files/Lavender_15d0c.jpg]
[samridhini.com/cdn/shop/files/IMG_06625d0c.jpg]
[samridhini.com/cdn/shop/files/IMG_06845d0c.jpg]
[samridhini.com/cdn/shop/files/IMG_06855d0c.jpg]
[samridhini.com/cdn/shop/files/IMG_06895d0c.jpg]
[samridhini.com/cdn/shop/files/IMG_0683b93e.jpg]
[samridhini.com/cdn/shop/files/IMG_0683f0c7.jpg]
[samridhini.com/products/royal-lavender-tissue-saree-with-intricate-zari-work.html]
[samridhini.com/cdn/shop/t/3/assets/lookbookf120.css]
[samridhini.com/cdn/shop/t/3/assets/icon-box4f99.css]
[samridhini.com/cdn/shop/t/3/assets/instagramb84f.css]
[samridhini.com/cdn/shop/t/3/assets/custom-contentd455.css]
[samridhini.com/cdn/shop/t/3/assets/videocaac.css]
[samridhini.com/cdn/shop/t/3/assets/footer3420.css]
[samridhini.com/cdn/shop/t/3/assets/component-newslettera979.css]
[samridhini.com/cdn/shopifycloud/shopify/assets/storefront/policy-3e4aa3c07a3a61780d16bc4b828d2fef9e1a20a44aae36e029a7b98e5ee5a4d0.css]
[samridhini.com/policies/POST]
[samridhini.com/policies/refund-policy.html]
[samridhini.com/policies/shipping-policy.html]
[samridhini.com/policies/contact-information.html]
[samridhini.com/policies/terms-of-service.html]
[samridhini.com/policies/privacy-policy.html]
[samridhini.com/cdn/shop/t/3/assets/mobile-sticky-bar08ff.css]
[samridhini.com/collections/all2679.html]
[samridhini.com/collections/all4658.html]
[samridhini.com/collections/POST.html]
[samridhini.com/cdn/shop/t/3/assets/collection-headerd721.css]
[samridhini.com/cdn/shop/t/3/assets/collectionbc6e.css]
[samridhini.com/collections/all148f.html]
[samridhini.com/pages/POST.html]
[samridhini.com/cdn/shop/t/3/assets/customer499e.css]
[samridhini.com/account/POST.html]
[samridhini.com/collections/all2f25.html]
[samridhini.com/products/saree1.oembed]
[samridhini.com/cdn/shop/files/DSC08025f719.jpg]
[samridhini.com/cdn/shop/files/DSC08018f719.jpg]
[samridhini.com/cdn/shop/files/DSC08035f719.jpg]
[samridhini.com/cdn/shop/files/DSC08011f719.jpg]
[samridhini.com/cdn/shop/files/DSC08030f719.jpg]
[samridhini.com/cdn/shop/files/DSC08021f719.jpg]
[samridhini.com/cdn/shop/files/DSC08025419b.jpg]
[samridhini.com/cdn/shop/files/DSC08018419b.jpg]
[samridhini.com/cdn/shop/files/DSC08035419b.jpg]
[samridhini.com/cdn/shop/files/DSC08011419b.jpg]
[samridhini.com/cdn/shop/files/DSC08030419b.jpg]
[samridhini.com/cdn/shop/files/DSC08021419b.jpg]
[samridhini.com/cdn/shop/files/DSC08025e047.jpg]
[samridhini.com/cdn/shop/files/DSC08025a6ca.jpg]
[samridhini.com/products/saree1.html]
[samridhini.com/products/1.oembed]
[samridhini.com/cdn/shop/files/keerthi4710_93fdf6b1-34e8-4812-bda2-e76b67eb6214f53a.jpg]
[samridhini.com/cdn/shop/files/keerthi4725f53a.jpg]
[samridhini.com/cdn/shop/files/keerthi4729f53a.jpg]
[samridhini.com/cdn/shop/files/keerthi4738f53a.jpg]
[samridhini.com/cdn/shop/files/keerthi4741f53a.jpg]
[samridhini.com/cdn/shop/files/keerthi4745f53a.jpg]
[samridhini.com/cdn/shop/files/keerthi4769f53a.jpg]
[samridhini.com/cdn/shop/files/keerthi4775f53a.jpg]
[samridhini.com/cdn/shop/files/keerthi4710_93fdf6b1-34e8-4812-bda2-e76b67eb62140c63.jpg]
[samridhini.com/cdn/shop/files/keerthi47250c63.jpg]
[samridhini.com/cdn/shop/files/keerthi47290c63.jpg]
[samridhini.com/cdn/shop/files/keerthi47380c63.jpg]
[samridhini.com/cdn/shop/files/keerthi47410c63.jpg]
[samridhini.com/cdn/shop/files/keerthi47450c63.jpg]
[samridhini.com/cdn/shop/files/keerthi47690c63.jpg]
[samridhini.com/cdn/shop/files/keerthi47750c63.jpg]
[samridhini.com/cdn/shop/files/keerthi4710_93fdf6b1-34e8-4812-bda2-e76b67eb6214a2f2.jpg]
[samridhini.com/cdn/shop/files/keerthi4710_93fdf6b1-34e8-4812-bda2-e76b67eb6214968a.jpg]
[samridhini.com/products/1.html]
[samridhini.com/products/5.oembed]
[samridhini.com/cdn/shop/files/keerthi5063c67c.jpg]
[samridhini.com/cdn/shop/files/keerthi5087e8af.jpg]
[samridhini.com/cdn/shop/files/keerthi5092e8af.jpg]
[samridhini.com/cdn/shop/files/keerthi5097e8af.jpg]
[samridhini.com/cdn/shop/files/keerthi5069e8af.jpg]
[samridhini.com/cdn/shop/files/keerthi506351e0.jpg]
[samridhini.com/cdn/shop/files/keerthi5087e520.jpg]
[samridhini.com/cdn/shop/files/keerthi5092e520.jpg]
[samridhini.com/cdn/shop/files/keerthi5097e520.jpg]
[samridhini.com/cdn/shop/files/keerthi5069e520.jpg]
[samridhini.com/cdn/shop/files/keerthi50634808.jpg]
[samridhini.com/cdn/shop/files/keerthi50632c51.jpg]
[samridhini.com/products/5.html]
[samridhini.com/cdn/shopifycloud/portable-wallets/latest/accelerated-checkout-backwards-compat.css]
[samridhini.com/products/POST.html]
[samridhini.com/cdn/shop/t/3/assets/productf8e2.css]
[samridhini.com/cdn/shop/t/3/assets/photoswiped6e1.css]
[samridhini.com/cdn/shop/t/3/assets/component-photoswipe5ace.css]
[samridhini.com/cdn/shop/t/3/assets/pickup-availabilitydbb0.css]
[samridhini.com/cdn/shop/t/3/assets/sticky-add-to-cart9ad4.css]
[samridhini.com/cdn/shopifycloud/shopify/assets/storefront/policy-3e4aa3c07a3a61780d16bc4b828d2fef9e1a20a44aae36e029a7b98e5ee5a4d0.css]
[samridhini.com/policies/POST.html]
[samridhini.com/collections/all2679.html]
[samridhini.com/collections/all2f25.html]
